C:\projects\ChoiceBagging_SSBP\Logical\Global.typ
C:\projects\ChoiceBagging_SSBP\Logical\Global.var
C:\projects\ChoiceBagging_SSBP\Logical\Libraries\operator\operator.fun
C:\projects\ChoiceBagging_SSBP\Logical\Libraries\operator\operator.typ
C:\projects\ChoiceBagging_SSBP\Logical\Libraries\operator\operator.var
C:\projects\ChoiceBagging_SSBP\Logical\Libraries\runtime\runtime.fun
C:\projects\ChoiceBagging_SSBP\Logical\Libraries\runtime\runtime.typ
C:\projects\ChoiceBagging_SSBP\Logical\Libraries\runtime\runtime.var
C:\projects\ChoiceBagging_SSBP\Logical\Libraries\astime\astime.fun
C:\projects\ChoiceBagging_SSBP\Logical\Libraries\astime\astime.typ
C:\projects\ChoiceBagging_SSBP\Logical\Libraries\astime\astime.var
C:\projects\ChoiceBagging_SSBP\Logical\Libraries\AsIecCon\AsIecCon.fun
C:\projects\ChoiceBagging_SSBP\Logical\Libraries\AsIecCon\AsIecCon.typ
C:\projects\ChoiceBagging_SSBP\Logical\Libraries\AsIecCon\AsIecCon.var
C:\projects\ChoiceBagging_SSBP\Logical\Libraries\AsArSdm\AsArSdm.fun
C:\projects\ChoiceBagging_SSBP\Logical\Libraries\AsArSdm\AsArSdm.typ
C:\projects\ChoiceBagging_SSBP\Logical\Libraries\AsArSdm\AsArSdm.var
C:\projects\ChoiceBagging_SSBP\Logical\Libraries\brsystem\brsystem.fun
C:\projects\ChoiceBagging_SSBP\Logical\Libraries\brsystem\brsystem.typ
C:\projects\ChoiceBagging_SSBP\Logical\Libraries\brsystem\brsystem.var
C:\projects\ChoiceBagging_SSBP\Logical\Libraries\MpBase\MpBase.typ
C:\projects\ChoiceBagging_SSBP\Logical\Libraries\MpBase\MpBase.var
C:\projects\ChoiceBagging_SSBP\Logical\Libraries\MpBase\MpBase.fun
C:\projects\ChoiceBagging_SSBP\Logical\Libraries\standard\standard.fun
C:\projects\ChoiceBagging_SSBP\Logical\Libraries\standard\standard.typ
C:\projects\ChoiceBagging_SSBP\Logical\Libraries\standard\standard.var
C:\projects\ChoiceBagging_SSBP\Logical\Libraries\sys_lib\sys_lib.fun
C:\projects\ChoiceBagging_SSBP\Logical\Libraries\sys_lib\sys_lib.typ
C:\projects\ChoiceBagging_SSBP\Logical\Libraries\sys_lib\sys_lib.var
C:\projects\ChoiceBagging_SSBP\Logical\Libraries\MpAlarmX\MpAlarmX.typ
C:\projects\ChoiceBagging_SSBP\Logical\Libraries\MpAlarmX\MpAlarmXError.typ
C:\projects\ChoiceBagging_SSBP\Logical\Libraries\MpAlarmX\MpAlarmX.fun
